------------------------------------------------------------
Timing Analyzer Summary
------------------------------------------------------------

Type  : Slow 1100mV 85C Model Setup 'pll_inst|altera_pll_i|general[0].gpll~PLL_OUTPUT_COUNTER|divclk'
Slack : 54.850
TNS   : 0.000

Type  : Slow 1100mV 85C Model Hold 'pll_inst|altera_pll_i|general[0].gpll~PLL_OUTPUT_COUNTER|divclk'
Slack : 0.311
TNS   : 0.000

Type  : Slow 1100mV 85C Model Minimum Pulse Width 'pll_inst|altera_pll_i|general[0].gpll~FRACTIONAL_PLL|vcoph[0]'
Slack : 0.693
TNS   : 0.000

Type  : Slow 1100mV 85C Model Minimum Pulse Width 'board_clk'
Slack : 9.670
TNS   : 0.000

Type  : Slow 1100mV 85C Model Minimum Pulse Width 'pll_inst|altera_pll_i|general[0].gpll~PLL_OUTPUT_COUNTER|divclk'
Slack : 29.099
TNS   : 0.000

Type  : Slow 1100mV 0C Model Setup 'pll_inst|altera_pll_i|general[0].gpll~PLL_OUTPUT_COUNTER|divclk'
Slack : 54.982
TNS   : 0.000

Type  : Slow 1100mV 0C Model Hold 'pll_inst|altera_pll_i|general[0].gpll~PLL_OUTPUT_COUNTER|divclk'
Slack : 0.296
TNS   : 0.000

Type  : Slow 1100mV 0C Model Minimum Pulse Width 'pll_inst|altera_pll_i|general[0].gpll~FRACTIONAL_PLL|vcoph[0]'
Slack : 0.693
TNS   : 0.000

Type  : Slow 1100mV 0C Model Minimum Pulse Width 'board_clk'
Slack : 9.673
TNS   : 0.000

Type  : Slow 1100mV 0C Model Minimum Pulse Width 'pll_inst|altera_pll_i|general[0].gpll~PLL_OUTPUT_COUNTER|divclk'
Slack : 29.055
TNS   : 0.000

Type  : Fast 1100mV 85C Model Setup 'pll_inst|altera_pll_i|general[0].gpll~PLL_OUTPUT_COUNTER|divclk'
Slack : 56.858
TNS   : 0.000

Type  : Fast 1100mV 85C Model Hold 'pll_inst|altera_pll_i|general[0].gpll~PLL_OUTPUT_COUNTER|divclk'
Slack : 0.180
TNS   : 0.000

Type  : Fast 1100mV 85C Model Minimum Pulse Width 'pll_inst|altera_pll_i|general[0].gpll~FRACTIONAL_PLL|vcoph[0]'
Slack : 0.693
TNS   : 0.000

Type  : Fast 1100mV 85C Model Minimum Pulse Width 'board_clk'
Slack : 9.336
TNS   : 0.000

Type  : Fast 1100mV 85C Model Minimum Pulse Width 'pll_inst|altera_pll_i|general[0].gpll~PLL_OUTPUT_COUNTER|divclk'
Slack : 29.355
TNS   : 0.000

Type  : Fast 1100mV 0C Model Setup 'pll_inst|altera_pll_i|general[0].gpll~PLL_OUTPUT_COUNTER|divclk'
Slack : 57.105
TNS   : 0.000

Type  : Fast 1100mV 0C Model Hold 'pll_inst|altera_pll_i|general[0].gpll~PLL_OUTPUT_COUNTER|divclk'
Slack : 0.167
TNS   : 0.000

Type  : Fast 1100mV 0C Model Minimum Pulse Width 'pll_inst|altera_pll_i|general[0].gpll~FRACTIONAL_PLL|vcoph[0]'
Slack : 0.693
TNS   : 0.000

Type  : Fast 1100mV 0C Model Minimum Pulse Width 'board_clk'
Slack : 9.286
TNS   : 0.000

Type  : Fast 1100mV 0C Model Minimum Pulse Width 'pll_inst|altera_pll_i|general[0].gpll~PLL_OUTPUT_COUNTER|divclk'
Slack : 29.343
TNS   : 0.000

------------------------------------------------------------
